// Jest Snapshot v1, https://goo.gl/fbAQLP

exports[`Components it should render the <App/> component 1`] = `
ShallowWrapper {
  "length": 1,
  Symbol(enzyme.__root__): [Circular],
  Symbol(enzyme.__unrendered__): <App
    fetchCharities={[Function]}
    fetchPayments={[Function]}
  />,
  Symbol(enzyme.__renderer__): Object {
    "batchedUpdates": [Function],
    "checkPropTypes": [Function],
    "getNode": [Function],
    "render": [Function],
    "simulateError": [Function],
    "simulateEvent": [Function],
    "unmount": [Function],
  },
  Symbol(enzyme.__node__): Object {
    "instance": null,
    "key": undefined,
    "nodeType": "host",
    "props": Object {
      "children": Array [
        <h1
          style={
            Object {
              "color": "rgb(96,96,96)",
              "fontFamily": "Trebuchet MS, Helvetica, sans-serif",
              "fontSize": "39px",
              "fontWeight": "bold",
              "lineHeight": ".5em",
              "marginTop": "1em",
              "textAlign": "center",
            }
          }
        >
          Omise Tamboon React
        </h1>,
        <p
          style={
            Object {
              "color": "red",
              "fontSize": "17px",
              "fontWeight": "bold",
              "lineHeight": "0",
              "margin": "2em 0",
              "textAlign": "center",
            }
          }
        >
          All donations: 
        </p>,
        <p
          style={
            Object {
              "color": "red",
              "fontSize": "16px",
              "fontWeight": "bold",
              "lineHeight": "1em 0",
              "margin": "1em 0",
              "textAlign": "center",
            }
          }
        />,
        <Cards
          charities={undefined}
          handlePay={[Function]}
          payments={
            Array [
              10,
              20,
              50,
              100,
              500,
            ]
          }
        />,
      ],
      "className": "app",
    },
    "ref": null,
    "rendered": Array [
      Object {
        "instance": null,
        "key": undefined,
        "nodeType": "host",
        "props": Object {
          "children": "Omise Tamboon React",
          "style": Object {
            "color": "rgb(96,96,96)",
            "fontFamily": "Trebuchet MS, Helvetica, sans-serif",
            "fontSize": "39px",
            "fontWeight": "bold",
            "lineHeight": ".5em",
            "marginTop": "1em",
            "textAlign": "center",
          },
        },
        "ref": null,
        "rendered": "Omise Tamboon React",
        "type": "h1",
      },
      Object {
        "instance": null,
        "key": undefined,
        "nodeType": "host",
        "props": Object {
          "children": Array [
            "All donations: ",
            undefined,
          ],
          "style": Object {
            "color": "red",
            "fontSize": "17px",
            "fontWeight": "bold",
            "lineHeight": "0",
            "margin": "2em 0",
            "textAlign": "center",
          },
        },
        "ref": null,
        "rendered": Array [
          "All donations: ",
          undefined,
        ],
        "type": "p",
      },
      Object {
        "instance": null,
        "key": undefined,
        "nodeType": "host",
        "props": Object {
          "children": undefined,
          "style": Object {
            "color": "red",
            "fontSize": "16px",
            "fontWeight": "bold",
            "lineHeight": "1em 0",
            "margin": "1em 0",
            "textAlign": "center",
          },
        },
        "ref": null,
        "rendered": null,
        "type": "p",
      },
      Object {
        "instance": null,
        "key": undefined,
        "nodeType": "class",
        "props": Object {
          "charities": undefined,
          "handlePay": [Function],
          "payments": Array [
            10,
            20,
            50,
            100,
            500,
          ],
        },
        "ref": null,
        "rendered": null,
        "type": [Function],
      },
    ],
    "type": "div",
  },
  Symbol(enzyme.__nodes__): Array [
    Object {
      "instance": null,
      "key": undefined,
      "nodeType": "host",
      "props": Object {
        "children": Array [
          <h1
            style={
              Object {
                "color": "rgb(96,96,96)",
                "fontFamily": "Trebuchet MS, Helvetica, sans-serif",
                "fontSize": "39px",
                "fontWeight": "bold",
                "lineHeight": ".5em",
                "marginTop": "1em",
                "textAlign": "center",
              }
            }
          >
            Omise Tamboon React
          </h1>,
          <p
            style={
              Object {
                "color": "red",
                "fontSize": "17px",
                "fontWeight": "bold",
                "lineHeight": "0",
                "margin": "2em 0",
                "textAlign": "center",
              }
            }
          >
            All donations: 
          </p>,
          <p
            style={
              Object {
                "color": "red",
                "fontSize": "16px",
                "fontWeight": "bold",
                "lineHeight": "1em 0",
                "margin": "1em 0",
                "textAlign": "center",
              }
            }
          />,
          <Cards
            charities={undefined}
            handlePay={[Function]}
            payments={
              Array [
                10,
                20,
                50,
                100,
                500,
              ]
            }
          />,
        ],
        "className": "app",
      },
      "ref": null,
      "rendered": Array [
        Object {
          "instance": null,
          "key": undefined,
          "nodeType": "host",
          "props": Object {
            "children": "Omise Tamboon React",
            "style": Object {
              "color": "rgb(96,96,96)",
              "fontFamily": "Trebuchet MS, Helvetica, sans-serif",
              "fontSize": "39px",
              "fontWeight": "bold",
              "lineHeight": ".5em",
              "marginTop": "1em",
              "textAlign": "center",
            },
          },
          "ref": null,
          "rendered": "Omise Tamboon React",
          "type": "h1",
        },
        Object {
          "instance": null,
          "key": undefined,
          "nodeType": "host",
          "props": Object {
            "children": Array [
              "All donations: ",
              undefined,
            ],
            "style": Object {
              "color": "red",
              "fontSize": "17px",
              "fontWeight": "bold",
              "lineHeight": "0",
              "margin": "2em 0",
              "textAlign": "center",
            },
          },
          "ref": null,
          "rendered": Array [
            "All donations: ",
            undefined,
          ],
          "type": "p",
        },
        Object {
          "instance": null,
          "key": undefined,
          "nodeType": "host",
          "props": Object {
            "children": undefined,
            "style": Object {
              "color": "red",
              "fontSize": "16px",
              "fontWeight": "bold",
              "lineHeight": "1em 0",
              "margin": "1em 0",
              "textAlign": "center",
            },
          },
          "ref": null,
          "rendered": null,
          "type": "p",
        },
        Object {
          "instance": null,
          "key": undefined,
          "nodeType": "class",
          "props": Object {
            "charities": undefined,
            "handlePay": [Function],
            "payments": Array [
              10,
              20,
              50,
              100,
              500,
            ],
          },
          "ref": null,
          "rendered": null,
          "type": [Function],
        },
      ],
      "type": "div",
    },
  ],
  Symbol(enzyme.__options__): Object {
    "adapter": ReactSixteenAdapter {
      "options": Object {
        "enableComponentDidUpdateOnSetState": true,
        "legacyContextMode": "parent",
        "lifecycles": Object {
          "componentDidUpdate": Object {
            "onSetState": true,
          },
          "getChildContext": Object {
            "calledByRenderer": false,
          },
          "getDerivedStateFromProps": Object {
            "hasShouldComponentUpdateBug": false,
          },
          "getSnapshotBeforeUpdate": true,
          "setState": Object {
            "skipsComponentDidUpdateOnNullish": true,
          },
        },
      },
    },
  },
}
`;
